ARM GAS  C:\Users\Phuong\AppData\Local\Temp\ccQ4muOf.s 			page 1


   1              		.syntax unified
   2              		.cpu cortex-m0plus
   3              		.fpu softvfp
   4              		.eabi_attribute 20, 1
   5              		.eabi_attribute 21, 1
   6              		.eabi_attribute 23, 3
   7              		.eabi_attribute 24, 1
   8              		.eabi_attribute 25, 1
   9              		.eabi_attribute 26, 1
  10              		.eabi_attribute 30, 1
  11              		.eabi_attribute 34, 0
  12              		.eabi_attribute 18, 4
  13              		.thumb
  14              		.syntax unified
  15              		.file	"doublylinkedlist.c"
  16              		.text
  17              	.Ltext0:
  18              		.cfi_sections	.debug_frame
  19              		.section	.text.DList_InitializeListHead,"ax",%progbits
  20              		.align	2
  21              		.global	DList_InitializeListHead
  22              		.code	16
  23              		.thumb_func
  24              		.type	DList_InitializeListHead, %function
  25              	DList_InitializeListHead:
  26              	.LFB0:
  27              		.file 1 "Source\\azure_iot_sdk\\c-utility\\src\\doublylinkedlist.c"
   1:Source\azure_iot_sdk\c-utility\src/doublylinkedlist.c **** // Copyright (c) Microsoft. All rights reserved.
   2:Source\azure_iot_sdk\c-utility\src/doublylinkedlist.c **** // Licensed under the MIT license. See LICENSE file in the project root for full license informatio
   3:Source\azure_iot_sdk\c-utility\src/doublylinkedlist.c **** 
   4:Source\azure_iot_sdk\c-utility\src/doublylinkedlist.c **** #include "azure_c_shared_utility/doublylinkedlist.h"
   5:Source\azure_iot_sdk\c-utility\src/doublylinkedlist.c **** 
   6:Source\azure_iot_sdk\c-utility\src/doublylinkedlist.c **** void
   7:Source\azure_iot_sdk\c-utility\src/doublylinkedlist.c **** DList_InitializeListHead(
   8:Source\azure_iot_sdk\c-utility\src/doublylinkedlist.c ****     PDLIST_ENTRY ListHead
   9:Source\azure_iot_sdk\c-utility\src/doublylinkedlist.c **** )
  10:Source\azure_iot_sdk\c-utility\src/doublylinkedlist.c **** {
  28              		.loc 1 10 0
  29              		.cfi_startproc
  30              		@ args = 0, pretend = 0, frame = 0
  31              		@ frame_needed = 0, uses_anonymous_args = 0
  32              		@ link register save eliminated.
  33              	.LVL0:
  11:Source\azure_iot_sdk\c-utility\src/doublylinkedlist.c ****     /* Codes_SRS_DLIST_06_005: [DList_InitializeListHead will initialize the Flink & Blink to the a
  12:Source\azure_iot_sdk\c-utility\src/doublylinkedlist.c ****     ListHead->Flink = ListHead->Blink = ListHead;
  34              		.loc 1 12 0
  35 0000 4060     		str	r0, [r0, #4]
  36 0002 0060     		str	r0, [r0]
  13:Source\azure_iot_sdk\c-utility\src/doublylinkedlist.c ****     return;
  14:Source\azure_iot_sdk\c-utility\src/doublylinkedlist.c **** }
  37              		.loc 1 14 0
  38              		@ sp needed
  39 0004 7047     		bx	lr
  40              		.cfi_endproc
  41              	.LFE0:
  42              		.size	DList_InitializeListHead, .-DList_InitializeListHead
  43 0006 C046     		.section	.text.DList_IsListEmpty,"ax",%progbits
ARM GAS  C:\Users\Phuong\AppData\Local\Temp\ccQ4muOf.s 			page 2


  44              		.align	2
  45              		.global	DList_IsListEmpty
  46              		.code	16
  47              		.thumb_func
  48              		.type	DList_IsListEmpty, %function
  49              	DList_IsListEmpty:
  50              	.LFB1:
  15:Source\azure_iot_sdk\c-utility\src/doublylinkedlist.c **** 
  16:Source\azure_iot_sdk\c-utility\src/doublylinkedlist.c **** int
  17:Source\azure_iot_sdk\c-utility\src/doublylinkedlist.c **** DList_IsListEmpty(
  18:Source\azure_iot_sdk\c-utility\src/doublylinkedlist.c ****     const PDLIST_ENTRY ListHead
  19:Source\azure_iot_sdk\c-utility\src/doublylinkedlist.c **** )
  20:Source\azure_iot_sdk\c-utility\src/doublylinkedlist.c **** {
  51              		.loc 1 20 0
  52              		.cfi_startproc
  53              		@ args = 0, pretend = 0, frame = 0
  54              		@ frame_needed = 0, uses_anonymous_args = 0
  55              		@ link register save eliminated.
  56              	.LVL1:
  21:Source\azure_iot_sdk\c-utility\src/doublylinkedlist.c ****     /* Codes_SRS_DLIST_06_003: [DList_IsListEmpty shall return a non-zero value if there are no DLI
  22:Source\azure_iot_sdk\c-utility\src/doublylinkedlist.c ****     /* Codes_SRS_DLIST_06_004: [DList_IsListEmpty shall return 0 if there is one or more items in t
  23:Source\azure_iot_sdk\c-utility\src/doublylinkedlist.c ****     return (ListHead->Flink == ListHead);
  57              		.loc 1 23 0
  58 0000 0368     		ldr	r3, [r0]
  59 0002 C01A     		subs	r0, r0, r3
  60              	.LVL2:
  61 0004 4242     		rsbs	r2, r0, #0
  62 0006 4241     		adcs	r2, r2, r0
  63 0008 D0B2     		uxtb	r0, r2
  24:Source\azure_iot_sdk\c-utility\src/doublylinkedlist.c **** }
  64              		.loc 1 24 0
  65              		@ sp needed
  66 000a 7047     		bx	lr
  67              		.cfi_endproc
  68              	.LFE1:
  69              		.size	DList_IsListEmpty, .-DList_IsListEmpty
  70              		.section	.text.DList_RemoveEntryList,"ax",%progbits
  71              		.align	2
  72              		.global	DList_RemoveEntryList
  73              		.code	16
  74              		.thumb_func
  75              		.type	DList_RemoveEntryList, %function
  76              	DList_RemoveEntryList:
  77              	.LFB2:
  25:Source\azure_iot_sdk\c-utility\src/doublylinkedlist.c **** 
  26:Source\azure_iot_sdk\c-utility\src/doublylinkedlist.c **** int
  27:Source\azure_iot_sdk\c-utility\src/doublylinkedlist.c **** DList_RemoveEntryList(
  28:Source\azure_iot_sdk\c-utility\src/doublylinkedlist.c ****     PDLIST_ENTRY Entry
  29:Source\azure_iot_sdk\c-utility\src/doublylinkedlist.c **** )
  30:Source\azure_iot_sdk\c-utility\src/doublylinkedlist.c **** {
  78              		.loc 1 30 0
  79              		.cfi_startproc
  80              		@ args = 0, pretend = 0, frame = 0
  81              		@ frame_needed = 0, uses_anonymous_args = 0
  82              		@ link register save eliminated.
  83              	.LVL3:
  31:Source\azure_iot_sdk\c-utility\src/doublylinkedlist.c ****     /* Codes_SRS_DLIST_06_008: [DList_RemoveEntryList shall remove a listEntry from whatever list i
ARM GAS  C:\Users\Phuong\AppData\Local\Temp\ccQ4muOf.s 			page 3


  32:Source\azure_iot_sdk\c-utility\src/doublylinkedlist.c ****     /* Codes_SRS_DLIST_06_009: [The remaining list is properly formed.] */
  33:Source\azure_iot_sdk\c-utility\src/doublylinkedlist.c ****     /* Codes_SRS_DLIST_06_010: [DList_RemoveEntryList shall return non-zero if the remaining list i
  34:Source\azure_iot_sdk\c-utility\src/doublylinkedlist.c ****     /* Codes_SRS_DLIST_06_011: [DList_RemoveEntryList shall return zero if the remaining list is NO
  35:Source\azure_iot_sdk\c-utility\src/doublylinkedlist.c ****     PDLIST_ENTRY Blink;
  36:Source\azure_iot_sdk\c-utility\src/doublylinkedlist.c ****     PDLIST_ENTRY Flink;
  37:Source\azure_iot_sdk\c-utility\src/doublylinkedlist.c **** 
  38:Source\azure_iot_sdk\c-utility\src/doublylinkedlist.c ****     Flink = Entry->Flink;
  84              		.loc 1 38 0
  85 0000 0368     		ldr	r3, [r0]
  86              	.LVL4:
  39:Source\azure_iot_sdk\c-utility\src/doublylinkedlist.c ****     Blink = Entry->Blink;
  87              		.loc 1 39 0
  88 0002 4068     		ldr	r0, [r0, #4]
  89              	.LVL5:
  40:Source\azure_iot_sdk\c-utility\src/doublylinkedlist.c ****     Blink->Flink = Flink;
  90              		.loc 1 40 0
  91 0004 0360     		str	r3, [r0]
  41:Source\azure_iot_sdk\c-utility\src/doublylinkedlist.c ****     Flink->Blink = Blink;
  92              		.loc 1 41 0
  93 0006 5860     		str	r0, [r3, #4]
  42:Source\azure_iot_sdk\c-utility\src/doublylinkedlist.c ****     return (Flink == Blink);
  94              		.loc 1 42 0
  95 0008 181A     		subs	r0, r3, r0
  96              	.LVL6:
  97 000a 4342     		rsbs	r3, r0, #0
  98 000c 5841     		adcs	r0, r0, r3
  99              	.LVL7:
 100 000e C0B2     		uxtb	r0, r0
  43:Source\azure_iot_sdk\c-utility\src/doublylinkedlist.c **** }
 101              		.loc 1 43 0
 102              		@ sp needed
 103 0010 7047     		bx	lr
 104              		.cfi_endproc
 105              	.LFE2:
 106              		.size	DList_RemoveEntryList, .-DList_RemoveEntryList
 107 0012 C046     		.section	.text.DList_RemoveHeadList,"ax",%progbits
 108              		.align	2
 109              		.global	DList_RemoveHeadList
 110              		.code	16
 111              		.thumb_func
 112              		.type	DList_RemoveHeadList, %function
 113              	DList_RemoveHeadList:
 114              	.LFB3:
  44:Source\azure_iot_sdk\c-utility\src/doublylinkedlist.c **** 
  45:Source\azure_iot_sdk\c-utility\src/doublylinkedlist.c **** PDLIST_ENTRY
  46:Source\azure_iot_sdk\c-utility\src/doublylinkedlist.c **** DList_RemoveHeadList(
  47:Source\azure_iot_sdk\c-utility\src/doublylinkedlist.c ****     PDLIST_ENTRY ListHead
  48:Source\azure_iot_sdk\c-utility\src/doublylinkedlist.c **** )
  49:Source\azure_iot_sdk\c-utility\src/doublylinkedlist.c **** {
 115              		.loc 1 49 0
 116              		.cfi_startproc
 117              		@ args = 0, pretend = 0, frame = 0
 118              		@ frame_needed = 0, uses_anonymous_args = 0
 119              		@ link register save eliminated.
 120              	.LVL8:
 121 0000 0300     		movs	r3, r0
  50:Source\azure_iot_sdk\c-utility\src/doublylinkedlist.c ****     /* Codes_SRS_DLIST_06_012: [DList_RemoveHeadList removes the oldest entry from the list defined
ARM GAS  C:\Users\Phuong\AppData\Local\Temp\ccQ4muOf.s 			page 4


  51:Source\azure_iot_sdk\c-utility\src/doublylinkedlist.c ****     /* Codes_SRS_DLIST_06_013: [DList_RemoveHeadList shall return listHead if that's the only item 
  52:Source\azure_iot_sdk\c-utility\src/doublylinkedlist.c **** 
  53:Source\azure_iot_sdk\c-utility\src/doublylinkedlist.c ****     PDLIST_ENTRY Flink;
  54:Source\azure_iot_sdk\c-utility\src/doublylinkedlist.c ****     PDLIST_ENTRY Entry;
  55:Source\azure_iot_sdk\c-utility\src/doublylinkedlist.c **** 
  56:Source\azure_iot_sdk\c-utility\src/doublylinkedlist.c ****     Entry = ListHead->Flink;
 122              		.loc 1 56 0
 123 0002 0068     		ldr	r0, [r0]
 124              	.LVL9:
  57:Source\azure_iot_sdk\c-utility\src/doublylinkedlist.c ****     Flink = Entry->Flink;
 125              		.loc 1 57 0
 126 0004 0268     		ldr	r2, [r0]
 127              	.LVL10:
  58:Source\azure_iot_sdk\c-utility\src/doublylinkedlist.c ****     ListHead->Flink = Flink;
 128              		.loc 1 58 0
 129 0006 1A60     		str	r2, [r3]
  59:Source\azure_iot_sdk\c-utility\src/doublylinkedlist.c ****     Flink->Blink = ListHead;
 130              		.loc 1 59 0
 131 0008 5360     		str	r3, [r2, #4]
  60:Source\azure_iot_sdk\c-utility\src/doublylinkedlist.c ****     return Entry;
  61:Source\azure_iot_sdk\c-utility\src/doublylinkedlist.c **** }
 132              		.loc 1 61 0
 133              		@ sp needed
 134 000a 7047     		bx	lr
 135              		.cfi_endproc
 136              	.LFE3:
 137              		.size	DList_RemoveHeadList, .-DList_RemoveHeadList
 138              		.section	.text.DList_InsertTailList,"ax",%progbits
 139              		.align	2
 140              		.global	DList_InsertTailList
 141              		.code	16
 142              		.thumb_func
 143              		.type	DList_InsertTailList, %function
 144              	DList_InsertTailList:
 145              	.LFB4:
  62:Source\azure_iot_sdk\c-utility\src/doublylinkedlist.c **** 
  63:Source\azure_iot_sdk\c-utility\src/doublylinkedlist.c **** 
  64:Source\azure_iot_sdk\c-utility\src/doublylinkedlist.c **** 
  65:Source\azure_iot_sdk\c-utility\src/doublylinkedlist.c **** void
  66:Source\azure_iot_sdk\c-utility\src/doublylinkedlist.c **** DList_InsertTailList(
  67:Source\azure_iot_sdk\c-utility\src/doublylinkedlist.c ****     PDLIST_ENTRY ListHead,
  68:Source\azure_iot_sdk\c-utility\src/doublylinkedlist.c ****     PDLIST_ENTRY Entry
  69:Source\azure_iot_sdk\c-utility\src/doublylinkedlist.c **** )
  70:Source\azure_iot_sdk\c-utility\src/doublylinkedlist.c **** {
 146              		.loc 1 70 0
 147              		.cfi_startproc
 148              		@ args = 0, pretend = 0, frame = 0
 149              		@ frame_needed = 0, uses_anonymous_args = 0
 150              		@ link register save eliminated.
 151              	.LVL11:
  71:Source\azure_iot_sdk\c-utility\src/doublylinkedlist.c ****     PDLIST_ENTRY Blink;
  72:Source\azure_iot_sdk\c-utility\src/doublylinkedlist.c **** 
  73:Source\azure_iot_sdk\c-utility\src/doublylinkedlist.c ****     /* Codes_SRS_DLIST_06_006: [DListInsertTailList shall place the DLIST_ENTRY at the end of the l
  74:Source\azure_iot_sdk\c-utility\src/doublylinkedlist.c ****     Blink = ListHead->Blink;
 152              		.loc 1 74 0
 153 0000 4368     		ldr	r3, [r0, #4]
 154              	.LVL12:
ARM GAS  C:\Users\Phuong\AppData\Local\Temp\ccQ4muOf.s 			page 5


  75:Source\azure_iot_sdk\c-utility\src/doublylinkedlist.c ****     Entry->Flink = ListHead;
 155              		.loc 1 75 0
 156 0002 0860     		str	r0, [r1]
  76:Source\azure_iot_sdk\c-utility\src/doublylinkedlist.c ****     Entry->Blink = Blink;
 157              		.loc 1 76 0
 158 0004 4B60     		str	r3, [r1, #4]
  77:Source\azure_iot_sdk\c-utility\src/doublylinkedlist.c ****     Blink->Flink = Entry;
 159              		.loc 1 77 0
 160 0006 1960     		str	r1, [r3]
  78:Source\azure_iot_sdk\c-utility\src/doublylinkedlist.c ****     ListHead->Blink = Entry;
 161              		.loc 1 78 0
 162 0008 4160     		str	r1, [r0, #4]
  79:Source\azure_iot_sdk\c-utility\src/doublylinkedlist.c ****     return;
  80:Source\azure_iot_sdk\c-utility\src/doublylinkedlist.c **** }
 163              		.loc 1 80 0
 164              		@ sp needed
 165 000a 7047     		bx	lr
 166              		.cfi_endproc
 167              	.LFE4:
 168              		.size	DList_InsertTailList, .-DList_InsertTailList
 169              		.section	.text.DList_AppendTailList,"ax",%progbits
 170              		.align	2
 171              		.global	DList_AppendTailList
 172              		.code	16
 173              		.thumb_func
 174              		.type	DList_AppendTailList, %function
 175              	DList_AppendTailList:
 176              	.LFB5:
  81:Source\azure_iot_sdk\c-utility\src/doublylinkedlist.c **** 
  82:Source\azure_iot_sdk\c-utility\src/doublylinkedlist.c **** 
  83:Source\azure_iot_sdk\c-utility\src/doublylinkedlist.c **** void
  84:Source\azure_iot_sdk\c-utility\src/doublylinkedlist.c **** DList_AppendTailList(
  85:Source\azure_iot_sdk\c-utility\src/doublylinkedlist.c ****     PDLIST_ENTRY ListHead,
  86:Source\azure_iot_sdk\c-utility\src/doublylinkedlist.c ****     PDLIST_ENTRY ListToAppend
  87:Source\azure_iot_sdk\c-utility\src/doublylinkedlist.c **** )
  88:Source\azure_iot_sdk\c-utility\src/doublylinkedlist.c **** {
 177              		.loc 1 88 0
 178              		.cfi_startproc
 179              		@ args = 0, pretend = 0, frame = 0
 180              		@ frame_needed = 0, uses_anonymous_args = 0
 181              		@ link register save eliminated.
 182              	.LVL13:
  89:Source\azure_iot_sdk\c-utility\src/doublylinkedlist.c ****     /* Codes_SRS_DLIST_06_007: [DList_AppendTailList shall place the list defined by listToAppend a
  90:Source\azure_iot_sdk\c-utility\src/doublylinkedlist.c ****     PDLIST_ENTRY ListEnd = ListHead->Blink;
 183              		.loc 1 90 0
 184 0000 4368     		ldr	r3, [r0, #4]
 185              	.LVL14:
  91:Source\azure_iot_sdk\c-utility\src/doublylinkedlist.c **** 
  92:Source\azure_iot_sdk\c-utility\src/doublylinkedlist.c ****     ListHead->Blink->Flink = ListToAppend;
 186              		.loc 1 92 0
 187 0002 1960     		str	r1, [r3]
  93:Source\azure_iot_sdk\c-utility\src/doublylinkedlist.c ****     ListHead->Blink = ListToAppend->Blink;
 188              		.loc 1 93 0
 189 0004 4A68     		ldr	r2, [r1, #4]
 190 0006 4260     		str	r2, [r0, #4]
  94:Source\azure_iot_sdk\c-utility\src/doublylinkedlist.c ****     ListToAppend->Blink->Flink = ListHead;
 191              		.loc 1 94 0
ARM GAS  C:\Users\Phuong\AppData\Local\Temp\ccQ4muOf.s 			page 6


 192 0008 4A68     		ldr	r2, [r1, #4]
 193 000a 1060     		str	r0, [r2]
  95:Source\azure_iot_sdk\c-utility\src/doublylinkedlist.c ****     ListToAppend->Blink = ListEnd;
 194              		.loc 1 95 0
 195 000c 4B60     		str	r3, [r1, #4]
  96:Source\azure_iot_sdk\c-utility\src/doublylinkedlist.c ****     return;
  97:Source\azure_iot_sdk\c-utility\src/doublylinkedlist.c **** }
 196              		.loc 1 97 0
 197              		@ sp needed
 198 000e 7047     		bx	lr
 199              		.cfi_endproc
 200              	.LFE5:
 201              		.size	DList_AppendTailList, .-DList_AppendTailList
 202              		.section	.text.DList_InsertHeadList,"ax",%progbits
 203              		.align	2
 204              		.global	DList_InsertHeadList
 205              		.code	16
 206              		.thumb_func
 207              		.type	DList_InsertHeadList, %function
 208              	DList_InsertHeadList:
 209              	.LFB6:
  98:Source\azure_iot_sdk\c-utility\src/doublylinkedlist.c **** 
  99:Source\azure_iot_sdk\c-utility\src/doublylinkedlist.c **** 
 100:Source\azure_iot_sdk\c-utility\src/doublylinkedlist.c **** /*Codes_SRS_DLIST_02_002: [DList_InsertHeadList inserts a singular entry in the list having as head
 101:Source\azure_iot_sdk\c-utility\src/doublylinkedlist.c **** void DList_InsertHeadList(PDLIST_ENTRY listHead, PDLIST_ENTRY entry)
 102:Source\azure_iot_sdk\c-utility\src/doublylinkedlist.c **** {
 210              		.loc 1 102 0
 211              		.cfi_startproc
 212              		@ args = 0, pretend = 0, frame = 0
 213              		@ frame_needed = 0, uses_anonymous_args = 0
 214              		@ link register save eliminated.
 215              	.LVL15:
 103:Source\azure_iot_sdk\c-utility\src/doublylinkedlist.c ****     entry->Blink = listHead;
 216              		.loc 1 103 0
 217 0000 4860     		str	r0, [r1, #4]
 104:Source\azure_iot_sdk\c-utility\src/doublylinkedlist.c ****     entry->Flink = listHead->Flink;
 218              		.loc 1 104 0
 219 0002 0368     		ldr	r3, [r0]
 220 0004 0B60     		str	r3, [r1]
 105:Source\azure_iot_sdk\c-utility\src/doublylinkedlist.c ****     listHead->Flink->Blink = entry;
 221              		.loc 1 105 0
 222 0006 0368     		ldr	r3, [r0]
 223 0008 5960     		str	r1, [r3, #4]
 106:Source\azure_iot_sdk\c-utility\src/doublylinkedlist.c ****     listHead->Flink = entry;
 224              		.loc 1 106 0
 225 000a 0160     		str	r1, [r0]
 107:Source\azure_iot_sdk\c-utility\src/doublylinkedlist.c **** }
 226              		.loc 1 107 0
 227              		@ sp needed
 228 000c 7047     		bx	lr
 229              		.cfi_endproc
 230              	.LFE6:
 231              		.size	DList_InsertHeadList, .-DList_InsertHeadList
 232 000e C046     		.text
 233              	.Letext0:
 234              		.file 2 ".\\Source\\azure_iot_sdk\\c-utility\\inc/azure_c_shared_utility/doublylinkedlist.h"
 235              		.section	.debug_info,"",%progbits
ARM GAS  C:\Users\Phuong\AppData\Local\Temp\ccQ4muOf.s 			page 7


 236              	.Ldebug_info0:
 237 0000 34020000 		.4byte	0x234
 238 0004 0400     		.2byte	0x4
 239 0006 00000000 		.4byte	.Ldebug_abbrev0
 240 000a 04       		.byte	0x4
 241 000b 01       		.uleb128 0x1
 242 000c 4E020000 		.4byte	.LASF26
 243 0010 0C       		.byte	0xc
 244 0011 BF010000 		.4byte	.LASF27
 245 0015 E7000000 		.4byte	.LASF28
 246 0019 00000000 		.4byte	.Ldebug_ranges0+0
 247 001d 00000000 		.4byte	0
 248 0021 00000000 		.4byte	.Ldebug_line0
 249 0025 02       		.uleb128 0x2
 250 0026 04       		.byte	0x4
 251 0027 05       		.byte	0x5
 252 0028 696E7400 		.ascii	"int\000"
 253 002c 03       		.uleb128 0x3
 254 002d 04       		.byte	0x4
 255 002e 07       		.byte	0x7
 256 002f DA000000 		.4byte	.LASF0
 257 0033 03       		.uleb128 0x3
 258 0034 08       		.byte	0x8
 259 0035 05       		.byte	0x5
 260 0036 00000000 		.4byte	.LASF1
 261 003a 03       		.uleb128 0x3
 262 003b 08       		.byte	0x8
 263 003c 04       		.byte	0x4
 264 003d 42020000 		.4byte	.LASF2
 265 0041 03       		.uleb128 0x3
 266 0042 01       		.byte	0x1
 267 0043 06       		.byte	0x6
 268 0044 E0020000 		.4byte	.LASF3
 269 0048 03       		.uleb128 0x3
 270 0049 01       		.byte	0x1
 271 004a 08       		.byte	0x8
 272 004b C4000000 		.4byte	.LASF4
 273 004f 03       		.uleb128 0x3
 274 0050 02       		.byte	0x2
 275 0051 05       		.byte	0x5
 276 0052 FA010000 		.4byte	.LASF5
 277 0056 03       		.uleb128 0x3
 278 0057 02       		.byte	0x2
 279 0058 07       		.byte	0x7
 280 0059 96000000 		.4byte	.LASF6
 281 005d 03       		.uleb128 0x3
 282 005e 04       		.byte	0x4
 283 005f 05       		.byte	0x5
 284 0060 23020000 		.4byte	.LASF7
 285 0064 03       		.uleb128 0x3
 286 0065 04       		.byte	0x4
 287 0066 07       		.byte	0x7
 288 0067 84000000 		.4byte	.LASF8
 289 006b 03       		.uleb128 0x3
 290 006c 08       		.byte	0x8
 291 006d 07       		.byte	0x7
 292 006e 92010000 		.4byte	.LASF9
ARM GAS  C:\Users\Phuong\AppData\Local\Temp\ccQ4muOf.s 			page 8


 293 0072 03       		.uleb128 0x3
 294 0073 04       		.byte	0x4
 295 0074 07       		.byte	0x7
 296 0075 A9010000 		.4byte	.LASF10
 297 0079 03       		.uleb128 0x3
 298 007a 01       		.byte	0x1
 299 007b 08       		.byte	0x8
 300 007c F5010000 		.4byte	.LASF11
 301 0080 04       		.uleb128 0x4
 302 0081 EC020000 		.4byte	.LASF29
 303 0085 08       		.byte	0x8
 304 0086 02       		.byte	0x2
 305 0087 12       		.byte	0x12
 306 0088 A5000000 		.4byte	0xa5
 307 008c 05       		.uleb128 0x5
 308 008d 3C000000 		.4byte	.LASF12
 309 0091 02       		.byte	0x2
 310 0092 14       		.byte	0x14
 311 0093 A5000000 		.4byte	0xa5
 312 0097 00       		.byte	0
 313 0098 05       		.uleb128 0x5
 314 0099 8C010000 		.4byte	.LASF13
 315 009d 02       		.byte	0x2
 316 009e 15       		.byte	0x15
 317 009f A5000000 		.4byte	0xa5
 318 00a3 04       		.byte	0x4
 319 00a4 00       		.byte	0
 320 00a5 06       		.uleb128 0x6
 321 00a6 04       		.byte	0x4
 322 00a7 80000000 		.4byte	0x80
 323 00ab 07       		.uleb128 0x7
 324 00ac B2010000 		.4byte	.LASF30
 325 00b0 02       		.byte	0x2
 326 00b1 16       		.byte	0x16
 327 00b2 A5000000 		.4byte	0xa5
 328 00b6 08       		.uleb128 0x8
 329 00b7 0E000000 		.4byte	.LASF19
 330 00bb 01       		.byte	0x1
 331 00bc 07       		.byte	0x7
 332 00bd 00000000 		.4byte	.LFB0
 333 00c1 06000000 		.4byte	.LFE0-.LFB0
 334 00c5 01       		.uleb128 0x1
 335 00c6 9C       		.byte	0x9c
 336 00c7 D9000000 		.4byte	0xd9
 337 00cb 09       		.uleb128 0x9
 338 00cc 7B000000 		.4byte	.LASF14
 339 00d0 01       		.byte	0x1
 340 00d1 08       		.byte	0x8
 341 00d2 AB000000 		.4byte	0xab
 342 00d6 01       		.uleb128 0x1
 343 00d7 50       		.byte	0x50
 344 00d8 00       		.byte	0
 345 00d9 0A       		.uleb128 0xa
 346 00da 04020000 		.4byte	.LASF15
 347 00de 01       		.byte	0x1
 348 00df 11       		.byte	0x11
 349 00e0 25000000 		.4byte	0x25
ARM GAS  C:\Users\Phuong\AppData\Local\Temp\ccQ4muOf.s 			page 9


 350 00e4 00000000 		.4byte	.LFB1
 351 00e8 0C000000 		.4byte	.LFE1-.LFB1
 352 00ec 01       		.uleb128 0x1
 353 00ed 9C       		.byte	0x9c
 354 00ee 02010000 		.4byte	0x102
 355 00f2 0B       		.uleb128 0xb
 356 00f3 7B000000 		.4byte	.LASF14
 357 00f7 01       		.byte	0x1
 358 00f8 12       		.byte	0x12
 359 00f9 02010000 		.4byte	0x102
 360 00fd 00000000 		.4byte	.LLST0
 361 0101 00       		.byte	0
 362 0102 0C       		.uleb128 0xc
 363 0103 AB000000 		.4byte	0xab
 364 0107 0A       		.uleb128 0xa
 365 0108 2C020000 		.4byte	.LASF16
 366 010c 01       		.byte	0x1
 367 010d 1B       		.byte	0x1b
 368 010e 25000000 		.4byte	0x25
 369 0112 00000000 		.4byte	.LFB2
 370 0116 12000000 		.4byte	.LFE2-.LFB2
 371 011a 01       		.uleb128 0x1
 372 011b 9C       		.byte	0x9c
 373 011c 4E010000 		.4byte	0x14e
 374 0120 0B       		.uleb128 0xb
 375 0121 A9000000 		.4byte	.LASF17
 376 0125 01       		.byte	0x1
 377 0126 1C       		.byte	0x1c
 378 0127 AB000000 		.4byte	0xab
 379 012b 21000000 		.4byte	.LLST1
 380 012f 0D       		.uleb128 0xd
 381 0130 8C010000 		.4byte	.LASF13
 382 0134 01       		.byte	0x1
 383 0135 23       		.byte	0x23
 384 0136 AB000000 		.4byte	0xab
 385 013a 42000000 		.4byte	.LLST2
 386 013e 0D       		.uleb128 0xd
 387 013f 3C000000 		.4byte	.LASF12
 388 0143 01       		.byte	0x1
 389 0144 24       		.byte	0x24
 390 0145 AB000000 		.4byte	0xab
 391 0149 61000000 		.4byte	.LLST3
 392 014d 00       		.byte	0
 393 014e 0A       		.uleb128 0xa
 394 014f 27000000 		.4byte	.LASF18
 395 0153 01       		.byte	0x1
 396 0154 2E       		.byte	0x2e
 397 0155 AB000000 		.4byte	0xab
 398 0159 00000000 		.4byte	.LFB3
 399 015d 0C000000 		.4byte	.LFE3-.LFB3
 400 0161 01       		.uleb128 0x1
 401 0162 9C       		.byte	0x9c
 402 0163 91010000 		.4byte	0x191
 403 0167 0B       		.uleb128 0xb
 404 0168 7B000000 		.4byte	.LASF14
 405 016c 01       		.byte	0x1
 406 016d 2F       		.byte	0x2f
ARM GAS  C:\Users\Phuong\AppData\Local\Temp\ccQ4muOf.s 			page 10


 407 016e AB000000 		.4byte	0xab
 408 0172 74000000 		.4byte	.LLST4
 409 0176 0E       		.uleb128 0xe
 410 0177 3C000000 		.4byte	.LASF12
 411 017b 01       		.byte	0x1
 412 017c 35       		.byte	0x35
 413 017d AB000000 		.4byte	0xab
 414 0181 01       		.uleb128 0x1
 415 0182 52       		.byte	0x52
 416 0183 0E       		.uleb128 0xe
 417 0184 A9000000 		.4byte	.LASF17
 418 0188 01       		.byte	0x1
 419 0189 36       		.byte	0x36
 420 018a AB000000 		.4byte	0xab
 421 018e 01       		.uleb128 0x1
 422 018f 50       		.byte	0x50
 423 0190 00       		.byte	0
 424 0191 08       		.uleb128 0x8
 425 0192 48000000 		.4byte	.LASF20
 426 0196 01       		.byte	0x1
 427 0197 42       		.byte	0x42
 428 0198 00000000 		.4byte	.LFB4
 429 019c 0C000000 		.4byte	.LFE4-.LFB4
 430 01a0 01       		.uleb128 0x1
 431 01a1 9C       		.byte	0x9c
 432 01a2 CE010000 		.4byte	0x1ce
 433 01a6 09       		.uleb128 0x9
 434 01a7 7B000000 		.4byte	.LASF14
 435 01ab 01       		.byte	0x1
 436 01ac 43       		.byte	0x43
 437 01ad AB000000 		.4byte	0xab
 438 01b1 01       		.uleb128 0x1
 439 01b2 50       		.byte	0x50
 440 01b3 09       		.uleb128 0x9
 441 01b4 A9000000 		.4byte	.LASF17
 442 01b8 01       		.byte	0x1
 443 01b9 44       		.byte	0x44
 444 01ba AB000000 		.4byte	0xab
 445 01be 01       		.uleb128 0x1
 446 01bf 51       		.byte	0x51
 447 01c0 0E       		.uleb128 0xe
 448 01c1 8C010000 		.4byte	.LASF13
 449 01c5 01       		.byte	0x1
 450 01c6 47       		.byte	0x47
 451 01c7 AB000000 		.4byte	0xab
 452 01cb 01       		.uleb128 0x1
 453 01cc 53       		.byte	0x53
 454 01cd 00       		.byte	0
 455 01ce 08       		.uleb128 0x8
 456 01cf 66000000 		.4byte	.LASF21
 457 01d3 01       		.byte	0x1
 458 01d4 54       		.byte	0x54
 459 01d5 00000000 		.4byte	.LFB5
 460 01d9 10000000 		.4byte	.LFE5-.LFB5
 461 01dd 01       		.uleb128 0x1
 462 01de 9C       		.byte	0x9c
 463 01df 0B020000 		.4byte	0x20b
ARM GAS  C:\Users\Phuong\AppData\Local\Temp\ccQ4muOf.s 			page 11


 464 01e3 09       		.uleb128 0x9
 465 01e4 7B000000 		.4byte	.LASF14
 466 01e8 01       		.byte	0x1
 467 01e9 55       		.byte	0x55
 468 01ea AB000000 		.4byte	0xab
 469 01ee 01       		.uleb128 0x1
 470 01ef 50       		.byte	0x50
 471 01f0 09       		.uleb128 0x9
 472 01f1 16020000 		.4byte	.LASF22
 473 01f5 01       		.byte	0x1
 474 01f6 56       		.byte	0x56
 475 01f7 AB000000 		.4byte	0xab
 476 01fb 01       		.uleb128 0x1
 477 01fc 51       		.byte	0x51
 478 01fd 0E       		.uleb128 0xe
 479 01fe D2000000 		.4byte	.LASF23
 480 0202 01       		.byte	0x1
 481 0203 5A       		.byte	0x5a
 482 0204 AB000000 		.4byte	0xab
 483 0208 01       		.uleb128 0x1
 484 0209 53       		.byte	0x53
 485 020a 00       		.byte	0
 486 020b 0F       		.uleb128 0xf
 487 020c AF000000 		.4byte	.LASF31
 488 0210 01       		.byte	0x1
 489 0211 65       		.byte	0x65
 490 0212 00000000 		.4byte	.LFB6
 491 0216 0E000000 		.4byte	.LFE6-.LFB6
 492 021a 01       		.uleb128 0x1
 493 021b 9C       		.byte	0x9c
 494 021c 09       		.uleb128 0x9
 495 021d 5D000000 		.4byte	.LASF24
 496 0221 01       		.byte	0x1
 497 0222 65       		.byte	0x65
 498 0223 AB000000 		.4byte	0xab
 499 0227 01       		.uleb128 0x1
 500 0228 50       		.byte	0x50
 501 0229 09       		.uleb128 0x9
 502 022a 42000000 		.4byte	.LASF25
 503 022e 01       		.byte	0x1
 504 022f 65       		.byte	0x65
 505 0230 AB000000 		.4byte	0xab
 506 0234 01       		.uleb128 0x1
 507 0235 51       		.byte	0x51
 508 0236 00       		.byte	0
 509 0237 00       		.byte	0
 510              		.section	.debug_abbrev,"",%progbits
 511              	.Ldebug_abbrev0:
 512 0000 01       		.uleb128 0x1
 513 0001 11       		.uleb128 0x11
 514 0002 01       		.byte	0x1
 515 0003 25       		.uleb128 0x25
 516 0004 0E       		.uleb128 0xe
 517 0005 13       		.uleb128 0x13
 518 0006 0B       		.uleb128 0xb
 519 0007 03       		.uleb128 0x3
 520 0008 0E       		.uleb128 0xe
ARM GAS  C:\Users\Phuong\AppData\Local\Temp\ccQ4muOf.s 			page 12


 521 0009 1B       		.uleb128 0x1b
 522 000a 0E       		.uleb128 0xe
 523 000b 55       		.uleb128 0x55
 524 000c 17       		.uleb128 0x17
 525 000d 11       		.uleb128 0x11
 526 000e 01       		.uleb128 0x1
 527 000f 10       		.uleb128 0x10
 528 0010 17       		.uleb128 0x17
 529 0011 00       		.byte	0
 530 0012 00       		.byte	0
 531 0013 02       		.uleb128 0x2
 532 0014 24       		.uleb128 0x24
 533 0015 00       		.byte	0
 534 0016 0B       		.uleb128 0xb
 535 0017 0B       		.uleb128 0xb
 536 0018 3E       		.uleb128 0x3e
 537 0019 0B       		.uleb128 0xb
 538 001a 03       		.uleb128 0x3
 539 001b 08       		.uleb128 0x8
 540 001c 00       		.byte	0
 541 001d 00       		.byte	0
 542 001e 03       		.uleb128 0x3
 543 001f 24       		.uleb128 0x24
 544 0020 00       		.byte	0
 545 0021 0B       		.uleb128 0xb
 546 0022 0B       		.uleb128 0xb
 547 0023 3E       		.uleb128 0x3e
 548 0024 0B       		.uleb128 0xb
 549 0025 03       		.uleb128 0x3
 550 0026 0E       		.uleb128 0xe
 551 0027 00       		.byte	0
 552 0028 00       		.byte	0
 553 0029 04       		.uleb128 0x4
 554 002a 13       		.uleb128 0x13
 555 002b 01       		.byte	0x1
 556 002c 03       		.uleb128 0x3
 557 002d 0E       		.uleb128 0xe
 558 002e 0B       		.uleb128 0xb
 559 002f 0B       		.uleb128 0xb
 560 0030 3A       		.uleb128 0x3a
 561 0031 0B       		.uleb128 0xb
 562 0032 3B       		.uleb128 0x3b
 563 0033 0B       		.uleb128 0xb
 564 0034 01       		.uleb128 0x1
 565 0035 13       		.uleb128 0x13
 566 0036 00       		.byte	0
 567 0037 00       		.byte	0
 568 0038 05       		.uleb128 0x5
 569 0039 0D       		.uleb128 0xd
 570 003a 00       		.byte	0
 571 003b 03       		.uleb128 0x3
 572 003c 0E       		.uleb128 0xe
 573 003d 3A       		.uleb128 0x3a
 574 003e 0B       		.uleb128 0xb
 575 003f 3B       		.uleb128 0x3b
 576 0040 0B       		.uleb128 0xb
 577 0041 49       		.uleb128 0x49
ARM GAS  C:\Users\Phuong\AppData\Local\Temp\ccQ4muOf.s 			page 13


 578 0042 13       		.uleb128 0x13
 579 0043 38       		.uleb128 0x38
 580 0044 0B       		.uleb128 0xb
 581 0045 00       		.byte	0
 582 0046 00       		.byte	0
 583 0047 06       		.uleb128 0x6
 584 0048 0F       		.uleb128 0xf
 585 0049 00       		.byte	0
 586 004a 0B       		.uleb128 0xb
 587 004b 0B       		.uleb128 0xb
 588 004c 49       		.uleb128 0x49
 589 004d 13       		.uleb128 0x13
 590 004e 00       		.byte	0
 591 004f 00       		.byte	0
 592 0050 07       		.uleb128 0x7
 593 0051 16       		.uleb128 0x16
 594 0052 00       		.byte	0
 595 0053 03       		.uleb128 0x3
 596 0054 0E       		.uleb128 0xe
 597 0055 3A       		.uleb128 0x3a
 598 0056 0B       		.uleb128 0xb
 599 0057 3B       		.uleb128 0x3b
 600 0058 0B       		.uleb128 0xb
 601 0059 49       		.uleb128 0x49
 602 005a 13       		.uleb128 0x13
 603 005b 00       		.byte	0
 604 005c 00       		.byte	0
 605 005d 08       		.uleb128 0x8
 606 005e 2E       		.uleb128 0x2e
 607 005f 01       		.byte	0x1
 608 0060 3F       		.uleb128 0x3f
 609 0061 19       		.uleb128 0x19
 610 0062 03       		.uleb128 0x3
 611 0063 0E       		.uleb128 0xe
 612 0064 3A       		.uleb128 0x3a
 613 0065 0B       		.uleb128 0xb
 614 0066 3B       		.uleb128 0x3b
 615 0067 0B       		.uleb128 0xb
 616 0068 27       		.uleb128 0x27
 617 0069 19       		.uleb128 0x19
 618 006a 11       		.uleb128 0x11
 619 006b 01       		.uleb128 0x1
 620 006c 12       		.uleb128 0x12
 621 006d 06       		.uleb128 0x6
 622 006e 40       		.uleb128 0x40
 623 006f 18       		.uleb128 0x18
 624 0070 9742     		.uleb128 0x2117
 625 0072 19       		.uleb128 0x19
 626 0073 01       		.uleb128 0x1
 627 0074 13       		.uleb128 0x13
 628 0075 00       		.byte	0
 629 0076 00       		.byte	0
 630 0077 09       		.uleb128 0x9
 631 0078 05       		.uleb128 0x5
 632 0079 00       		.byte	0
 633 007a 03       		.uleb128 0x3
 634 007b 0E       		.uleb128 0xe
ARM GAS  C:\Users\Phuong\AppData\Local\Temp\ccQ4muOf.s 			page 14


 635 007c 3A       		.uleb128 0x3a
 636 007d 0B       		.uleb128 0xb
 637 007e 3B       		.uleb128 0x3b
 638 007f 0B       		.uleb128 0xb
 639 0080 49       		.uleb128 0x49
 640 0081 13       		.uleb128 0x13
 641 0082 02       		.uleb128 0x2
 642 0083 18       		.uleb128 0x18
 643 0084 00       		.byte	0
 644 0085 00       		.byte	0
 645 0086 0A       		.uleb128 0xa
 646 0087 2E       		.uleb128 0x2e
 647 0088 01       		.byte	0x1
 648 0089 3F       		.uleb128 0x3f
 649 008a 19       		.uleb128 0x19
 650 008b 03       		.uleb128 0x3
 651 008c 0E       		.uleb128 0xe
 652 008d 3A       		.uleb128 0x3a
 653 008e 0B       		.uleb128 0xb
 654 008f 3B       		.uleb128 0x3b
 655 0090 0B       		.uleb128 0xb
 656 0091 27       		.uleb128 0x27
 657 0092 19       		.uleb128 0x19
 658 0093 49       		.uleb128 0x49
 659 0094 13       		.uleb128 0x13
 660 0095 11       		.uleb128 0x11
 661 0096 01       		.uleb128 0x1
 662 0097 12       		.uleb128 0x12
 663 0098 06       		.uleb128 0x6
 664 0099 40       		.uleb128 0x40
 665 009a 18       		.uleb128 0x18
 666 009b 9742     		.uleb128 0x2117
 667 009d 19       		.uleb128 0x19
 668 009e 01       		.uleb128 0x1
 669 009f 13       		.uleb128 0x13
 670 00a0 00       		.byte	0
 671 00a1 00       		.byte	0
 672 00a2 0B       		.uleb128 0xb
 673 00a3 05       		.uleb128 0x5
 674 00a4 00       		.byte	0
 675 00a5 03       		.uleb128 0x3
 676 00a6 0E       		.uleb128 0xe
 677 00a7 3A       		.uleb128 0x3a
 678 00a8 0B       		.uleb128 0xb
 679 00a9 3B       		.uleb128 0x3b
 680 00aa 0B       		.uleb128 0xb
 681 00ab 49       		.uleb128 0x49
 682 00ac 13       		.uleb128 0x13
 683 00ad 02       		.uleb128 0x2
 684 00ae 17       		.uleb128 0x17
 685 00af 00       		.byte	0
 686 00b0 00       		.byte	0
 687 00b1 0C       		.uleb128 0xc
 688 00b2 26       		.uleb128 0x26
 689 00b3 00       		.byte	0
 690 00b4 49       		.uleb128 0x49
 691 00b5 13       		.uleb128 0x13
ARM GAS  C:\Users\Phuong\AppData\Local\Temp\ccQ4muOf.s 			page 15


 692 00b6 00       		.byte	0
 693 00b7 00       		.byte	0
 694 00b8 0D       		.uleb128 0xd
 695 00b9 34       		.uleb128 0x34
 696 00ba 00       		.byte	0
 697 00bb 03       		.uleb128 0x3
 698 00bc 0E       		.uleb128 0xe
 699 00bd 3A       		.uleb128 0x3a
 700 00be 0B       		.uleb128 0xb
 701 00bf 3B       		.uleb128 0x3b
 702 00c0 0B       		.uleb128 0xb
 703 00c1 49       		.uleb128 0x49
 704 00c2 13       		.uleb128 0x13
 705 00c3 02       		.uleb128 0x2
 706 00c4 17       		.uleb128 0x17
 707 00c5 00       		.byte	0
 708 00c6 00       		.byte	0
 709 00c7 0E       		.uleb128 0xe
 710 00c8 34       		.uleb128 0x34
 711 00c9 00       		.byte	0
 712 00ca 03       		.uleb128 0x3
 713 00cb 0E       		.uleb128 0xe
 714 00cc 3A       		.uleb128 0x3a
 715 00cd 0B       		.uleb128 0xb
 716 00ce 3B       		.uleb128 0x3b
 717 00cf 0B       		.uleb128 0xb
 718 00d0 49       		.uleb128 0x49
 719 00d1 13       		.uleb128 0x13
 720 00d2 02       		.uleb128 0x2
 721 00d3 18       		.uleb128 0x18
 722 00d4 00       		.byte	0
 723 00d5 00       		.byte	0
 724 00d6 0F       		.uleb128 0xf
 725 00d7 2E       		.uleb128 0x2e
 726 00d8 01       		.byte	0x1
 727 00d9 3F       		.uleb128 0x3f
 728 00da 19       		.uleb128 0x19
 729 00db 03       		.uleb128 0x3
 730 00dc 0E       		.uleb128 0xe
 731 00dd 3A       		.uleb128 0x3a
 732 00de 0B       		.uleb128 0xb
 733 00df 3B       		.uleb128 0x3b
 734 00e0 0B       		.uleb128 0xb
 735 00e1 27       		.uleb128 0x27
 736 00e2 19       		.uleb128 0x19
 737 00e3 11       		.uleb128 0x11
 738 00e4 01       		.uleb128 0x1
 739 00e5 12       		.uleb128 0x12
 740 00e6 06       		.uleb128 0x6
 741 00e7 40       		.uleb128 0x40
 742 00e8 18       		.uleb128 0x18
 743 00e9 9742     		.uleb128 0x2117
 744 00eb 19       		.uleb128 0x19
 745 00ec 00       		.byte	0
 746 00ed 00       		.byte	0
 747 00ee 00       		.byte	0
 748              		.section	.debug_loc,"",%progbits
ARM GAS  C:\Users\Phuong\AppData\Local\Temp\ccQ4muOf.s 			page 16


 749              	.Ldebug_loc0:
 750              	.LLST0:
 751 0000 00000000 		.4byte	.LVL1
 752 0004 04000000 		.4byte	.LVL2
 753 0008 0100     		.2byte	0x1
 754 000a 50       		.byte	0x50
 755 000b 04000000 		.4byte	.LVL2
 756 000f 0C000000 		.4byte	.LFE1
 757 0013 0400     		.2byte	0x4
 758 0015 F3       		.byte	0xf3
 759 0016 01       		.uleb128 0x1
 760 0017 50       		.byte	0x50
 761 0018 9F       		.byte	0x9f
 762 0019 00000000 		.4byte	0
 763 001d 00000000 		.4byte	0
 764              	.LLST1:
 765 0021 00000000 		.4byte	.LVL3
 766 0025 04000000 		.4byte	.LVL5
 767 0029 0100     		.2byte	0x1
 768 002b 50       		.byte	0x50
 769 002c 04000000 		.4byte	.LVL5
 770 0030 12000000 		.4byte	.LFE2
 771 0034 0400     		.2byte	0x4
 772 0036 F3       		.byte	0xf3
 773 0037 01       		.uleb128 0x1
 774 0038 50       		.byte	0x50
 775 0039 9F       		.byte	0x9f
 776 003a 00000000 		.4byte	0
 777 003e 00000000 		.4byte	0
 778              	.LLST2:
 779 0042 04000000 		.4byte	.LVL5
 780 0046 0A000000 		.4byte	.LVL6
 781 004a 0100     		.2byte	0x1
 782 004c 50       		.byte	0x50
 783 004d 0A000000 		.4byte	.LVL6
 784 0051 0E000000 		.4byte	.LVL7
 785 0055 0200     		.2byte	0x2
 786 0057 73       		.byte	0x73
 787 0058 04       		.sleb128 4
 788 0059 00000000 		.4byte	0
 789 005d 00000000 		.4byte	0
 790              	.LLST3:
 791 0061 02000000 		.4byte	.LVL4
 792 0065 0E000000 		.4byte	.LVL7
 793 0069 0100     		.2byte	0x1
 794 006b 53       		.byte	0x53
 795 006c 00000000 		.4byte	0
 796 0070 00000000 		.4byte	0
 797              	.LLST4:
 798 0074 00000000 		.4byte	.LVL8
 799 0078 04000000 		.4byte	.LVL9
 800 007c 0100     		.2byte	0x1
 801 007e 50       		.byte	0x50
 802 007f 04000000 		.4byte	.LVL9
 803 0083 0C000000 		.4byte	.LFE3
 804 0087 0100     		.2byte	0x1
 805 0089 53       		.byte	0x53
ARM GAS  C:\Users\Phuong\AppData\Local\Temp\ccQ4muOf.s 			page 17


 806 008a 00000000 		.4byte	0
 807 008e 00000000 		.4byte	0
 808              		.section	.debug_aranges,"",%progbits
 809 0000 4C000000 		.4byte	0x4c
 810 0004 0200     		.2byte	0x2
 811 0006 00000000 		.4byte	.Ldebug_info0
 812 000a 04       		.byte	0x4
 813 000b 00       		.byte	0
 814 000c 0000     		.2byte	0
 815 000e 0000     		.2byte	0
 816 0010 00000000 		.4byte	.LFB0
 817 0014 06000000 		.4byte	.LFE0-.LFB0
 818 0018 00000000 		.4byte	.LFB1
 819 001c 0C000000 		.4byte	.LFE1-.LFB1
 820 0020 00000000 		.4byte	.LFB2
 821 0024 12000000 		.4byte	.LFE2-.LFB2
 822 0028 00000000 		.4byte	.LFB3
 823 002c 0C000000 		.4byte	.LFE3-.LFB3
 824 0030 00000000 		.4byte	.LFB4
 825 0034 0C000000 		.4byte	.LFE4-.LFB4
 826 0038 00000000 		.4byte	.LFB5
 827 003c 10000000 		.4byte	.LFE5-.LFB5
 828 0040 00000000 		.4byte	.LFB6
 829 0044 0E000000 		.4byte	.LFE6-.LFB6
 830 0048 00000000 		.4byte	0
 831 004c 00000000 		.4byte	0
 832              		.section	.debug_ranges,"",%progbits
 833              	.Ldebug_ranges0:
 834 0000 00000000 		.4byte	.LFB0
 835 0004 06000000 		.4byte	.LFE0
 836 0008 00000000 		.4byte	.LFB1
 837 000c 0C000000 		.4byte	.LFE1
 838 0010 00000000 		.4byte	.LFB2
 839 0014 12000000 		.4byte	.LFE2
 840 0018 00000000 		.4byte	.LFB3
 841 001c 0C000000 		.4byte	.LFE3
 842 0020 00000000 		.4byte	.LFB4
 843 0024 0C000000 		.4byte	.LFE4
 844 0028 00000000 		.4byte	.LFB5
 845 002c 10000000 		.4byte	.LFE5
 846 0030 00000000 		.4byte	.LFB6
 847 0034 0E000000 		.4byte	.LFE6
 848 0038 00000000 		.4byte	0
 849 003c 00000000 		.4byte	0
 850              		.section	.debug_line,"",%progbits
 851              	.Ldebug_line0:
 852 0000 30010000 		.section	.debug_str,"MS",%progbits,1
 852      02009E00 
 852      00000201 
 852      FB0E0D00 
 852      01010101 
 853              	.LASF1:
 854 0000 6C6F6E67 		.ascii	"long long int\000"
 854      206C6F6E 
 854      6720696E 
 854      7400
 855              	.LASF19:
ARM GAS  C:\Users\Phuong\AppData\Local\Temp\ccQ4muOf.s 			page 18


 856 000e 444C6973 		.ascii	"DList_InitializeListHead\000"
 856      745F496E 
 856      69746961 
 856      6C697A65 
 856      4C697374 
 857              	.LASF18:
 858 0027 444C6973 		.ascii	"DList_RemoveHeadList\000"
 858      745F5265 
 858      6D6F7665 
 858      48656164 
 858      4C697374 
 859              	.LASF12:
 860 003c 466C696E 		.ascii	"Flink\000"
 860      6B00
 861              	.LASF25:
 862 0042 656E7472 		.ascii	"entry\000"
 862      7900
 863              	.LASF20:
 864 0048 444C6973 		.ascii	"DList_InsertTailList\000"
 864      745F496E 
 864      73657274 
 864      5461696C 
 864      4C697374 
 865              	.LASF24:
 866 005d 6C697374 		.ascii	"listHead\000"
 866      48656164 
 866      00
 867              	.LASF21:
 868 0066 444C6973 		.ascii	"DList_AppendTailList\000"
 868      745F4170 
 868      70656E64 
 868      5461696C 
 868      4C697374 
 869              	.LASF14:
 870 007b 4C697374 		.ascii	"ListHead\000"
 870      48656164 
 870      00
 871              	.LASF8:
 872 0084 6C6F6E67 		.ascii	"long unsigned int\000"
 872      20756E73 
 872      69676E65 
 872      6420696E 
 872      7400
 873              	.LASF6:
 874 0096 73686F72 		.ascii	"short unsigned int\000"
 874      7420756E 
 874      7369676E 
 874      65642069 
 874      6E7400
 875              	.LASF17:
 876 00a9 456E7472 		.ascii	"Entry\000"
 876      7900
 877              	.LASF31:
 878 00af 444C6973 		.ascii	"DList_InsertHeadList\000"
 878      745F496E 
 878      73657274 
 878      48656164 
ARM GAS  C:\Users\Phuong\AppData\Local\Temp\ccQ4muOf.s 			page 19


 878      4C697374 
 879              	.LASF4:
 880 00c4 756E7369 		.ascii	"unsigned char\000"
 880      676E6564 
 880      20636861 
 880      7200
 881              	.LASF23:
 882 00d2 4C697374 		.ascii	"ListEnd\000"
 882      456E6400 
 883              	.LASF0:
 884 00da 756E7369 		.ascii	"unsigned int\000"
 884      676E6564 
 884      20696E74 
 884      00
 885              	.LASF28:
 886 00e7 433A5C55 		.ascii	"C:\\Users\\Phuong\\Documents\\PSoC Creator\\Dec0820"
 886      73657273 
 886      5C506875 
 886      6F6E675C 
 886      446F6375 
 887 0115 31385C69 		.ascii	"18\\iot-sdk-iot-dev\\PSOC6_FreeRTOS+LwIP+MbedTLS_Az"
 887      6F742D73 
 887      646B2D69 
 887      6F742D64 
 887      65765C50 
 888 0146 7572652D 		.ascii	"ure-IOT-Hub-Demo\\PSOC6_FreeRTOS+LwIP+MbedTLS_Azure"
 888      494F542D 
 888      4875622D 
 888      44656D6F 
 888      5C50534F 
 889 0178 2D494F54 		.ascii	"-IOT-Hub-Demo.cydsn\000"
 889      2D487562 
 889      2D44656D 
 889      6F2E6379 
 889      64736E00 
 890              	.LASF13:
 891 018c 426C696E 		.ascii	"Blink\000"
 891      6B00
 892              	.LASF9:
 893 0192 6C6F6E67 		.ascii	"long long unsigned int\000"
 893      206C6F6E 
 893      6720756E 
 893      7369676E 
 893      65642069 
 894              	.LASF10:
 895 01a9 73697A65 		.ascii	"sizetype\000"
 895      74797065 
 895      00
 896              	.LASF30:
 897 01b2 50444C49 		.ascii	"PDLIST_ENTRY\000"
 897      53545F45 
 897      4E545259 
 897      00
 898              	.LASF27:
 899 01bf 536F7572 		.ascii	"Source\\azure_iot_sdk\\c-utility\\src\\doublylinked"
 899      63655C61 
 899      7A757265 
ARM GAS  C:\Users\Phuong\AppData\Local\Temp\ccQ4muOf.s 			page 20


 899      5F696F74 
 899      5F73646B 
 900 01ee 6C697374 		.ascii	"list.c\000"
 900      2E6300
 901              	.LASF11:
 902 01f5 63686172 		.ascii	"char\000"
 902      00
 903              	.LASF5:
 904 01fa 73686F72 		.ascii	"short int\000"
 904      7420696E 
 904      7400
 905              	.LASF15:
 906 0204 444C6973 		.ascii	"DList_IsListEmpty\000"
 906      745F4973 
 906      4C697374 
 906      456D7074 
 906      7900
 907              	.LASF22:
 908 0216 4C697374 		.ascii	"ListToAppend\000"
 908      546F4170 
 908      70656E64 
 908      00
 909              	.LASF7:
 910 0223 6C6F6E67 		.ascii	"long int\000"
 910      20696E74 
 910      00
 911              	.LASF16:
 912 022c 444C6973 		.ascii	"DList_RemoveEntryList\000"
 912      745F5265 
 912      6D6F7665 
 912      456E7472 
 912      794C6973 
 913              	.LASF2:
 914 0242 6C6F6E67 		.ascii	"long double\000"
 914      20646F75 
 914      626C6500 
 915              	.LASF26:
 916 024e 474E5520 		.ascii	"GNU C11 5.4.1 20160609 (release) [ARM/embedded-5-br"
 916      43313120 
 916      352E342E 
 916      31203230 
 916      31363036 
 917 0281 616E6368 		.ascii	"anch revision 237715] -mcpu=cortex-m0plus -mthumb -"
 917      20726576 
 917      6973696F 
 917      6E203233 
 917      37373135 
 918 02b4 67202D4F 		.ascii	"g -Og -ffunction-sections -ffat-lto-objects\000"
 918      67202D66 
 918      66756E63 
 918      74696F6E 
 918      2D736563 
 919              	.LASF3:
 920 02e0 7369676E 		.ascii	"signed char\000"
 920      65642063 
 920      68617200 
 921              	.LASF29:
ARM GAS  C:\Users\Phuong\AppData\Local\Temp\ccQ4muOf.s 			page 21


 922 02ec 444C4953 		.ascii	"DLIST_ENTRY_TAG\000"
 922      545F454E 
 922      5452595F 
 922      54414700 
 923              		.ident	"GCC: (GNU Tools for ARM Embedded Processors) 5.4.1 20160609 (release) [ARM/embedded-5-bran
